0 verbose cli C:\Program Files\nodejs\node.exe C:\Program Files\nodejs\node_modules\npm\bin\npm-cli.js
1 info using npm@10.9.2
2 info using node@v22.16.0
3 silly config load:file:C:\Program Files\nodejs\node_modules\npm\npmrc
4 silly config load:file:C:\Users\pranav\Desktop\catr-latest\cart-r\apps\driver\.npmrc
5 silly config load:file:C:\Users\pranav\.npmrc
6 silly config load:file:C:\Users\pranav\AppData\Roaming\npm\etc\npmrc
7 verbose title npm exec eas-cli@latest project:info
8 verbose argv "exec" "--" "eas-cli@latest" "project:info"
9 verbose logfile logs-max:10 dir:C:\Users\pranav\Desktop\catr-latest\cart-r\.npm-cache\_logs\2026-03-09T01_17_11_635Z-
10 verbose logfile C:\Users\pranav\Desktop\catr-latest\cart-r\.npm-cache\_logs\2026-03-09T01_17_11_635Z-debug-0.log
11 silly logfile done cleaning log files
12 silly packumentCache heap:2197815296 maxSize:549453824 maxEntrySize:274726912
13 http fetch GET 200 https://registry.npmjs.org/npm 1818ms
14 http fetch GET 200 https://registry.npmjs.org/eas-cli 1228ms (cache miss)
15 silly packumentCache heap:2197815296 maxSize:549453824 maxEntrySize:274726912
16 verbose Could not read global path C:\Users\pranav\AppData\Roaming\npm, ignoring
17 silly packumentCache heap:2197815296 maxSize:549453824 maxEntrySize:274726912
18 verbose stack Error: EPERM: operation not permitted, lstat 'C:\Users\pranav'
18 verbose stack     at async lstat (node:internal/fs/promises:1022:18)
18 verbose stack     at async #loadActual (C:\Program Files\nodejs\node_modules\npm\node_modules\@npmcli\arborist\lib\arborist\load-actual.js:129:15)
18 verbose stack     at async exec (C:\Program Files\nodejs\node_modules\npm\node_modules\libnpmexec\lib\index.js:247:21)
18 verbose stack     at async Npm.exec (C:\Program Files\nodejs\node_modules\npm\lib\npm.js:207:9)
18 verbose stack     at async module.exports (C:\Program Files\nodejs\node_modules\npm\lib\cli\entry.js:74:5)
19 error code EPERM
20 error syscall lstat
21 error path C:\Users\pranav
22 error errno -4048
23 error Error: EPERM: operation not permitted, lstat 'C:\Users\pranav'
23 error     at async lstat (node:internal/fs/promises:1022:18)
23 error     at async #loadActual (C:\Program Files\nodejs\node_modules\npm\node_modules\@npmcli\arborist\lib\arborist\load-actual.js:129:15)
23 error     at async exec (C:\Program Files\nodejs\node_modules\npm\node_modules\libnpmexec\lib\index.js:247:21)
23 error     at async Npm.exec (C:\Program Files\nodejs\node_modules\npm\lib\npm.js:207:9)
23 error     at async module.exports (C:\Program Files\nodejs\node_modules\npm\lib\cli\entry.js:74:5) {
23 error   errno: -4048,
23 error   code: 'EPERM',
23 error   syscall: 'lstat',
23 error   path: 'C:\\Users\\pranav'
23 error }
24 error
24 error The operation was rejected by your operating system.
24 error It's possible that the file was already in use (by a text editor or antivirus),
24 error or that you lack permissions to access it.
24 error
24 error If you believe this might be a permissions issue, please double-check the
24 error permissions of the file and its containing directories, or try running
24 error the command again as root/Administrator.
25 verbose cwd C:\Users\pranav\Desktop\catr-latest\cart-r\apps\driver
26 verbose os Windows_NT 10.0.19045
27 verbose node v22.16.0
28 verbose npm  v10.9.2
29 notice
29 notice New major version of npm available! 10.9.2 -> 11.11.0
29 notice Changelog: https://github.com/npm/cli/releases/tag/v11.11.0
29 notice To update run: npm install -g npm@11.11.0
29 notice  { force: true, [Symbol(proc-log.meta)]: true }
30 verbose exit -4048
31 verbose code -4048
32 error A complete log of this run can be found in: C:\Users\pranav\Desktop\catr-latest\cart-r\.npm-cache\_logs\2026-03-09T01_17_11_635Z-debug-0.log
