0 verbose cli C:\Program Files\nodejs\node.exe C:\Program Files\nodejs\node_modules\npm\bin\npm-cli.js
1 info using npm@10.9.2
2 info using node@v22.16.0
3 silly config load:file:C:\Program Files\nodejs\node_modules\npm\npmrc
4 silly config load:file:C:\Users\pranav\Desktop\catr-latest\cart-r\apps\driver\.npmrc
5 silly config load:file:C:\Users\pranav\.npmrc
6 silly config load:file:C:\Users\pranav\AppData\Roaming\npm\etc\npmrc
7 verbose title npm exec eas-cli@latest whoami
8 verbose argv "exec" "--" "eas-cli@latest" "whoami"
9 verbose logfile logs-max:10 dir:C:\Users\pranav\Desktop\catr-latest\cart-r\.npm-cache\_logs\2026-03-09T01_17_11_664Z-
10 verbose logfile C:\Users\pranav\Desktop\catr-latest\cart-r\.npm-cache\_logs\2026-03-09T01_17_11_664Z-debug-0.log
11 silly logfile done cleaning log files
12 silly packumentCache heap:2197815296 maxSize:549453824 maxEntrySize:274726912
13 http fetch GET 200 https://registry.npmjs.org/eas-cli 1315ms (cache miss)
14 silly packumentCache heap:2197815296 maxSize:549453824 maxEntrySize:274726912
15 verbose Could not read global path C:\Users\pranav\AppData\Roaming\npm, ignoring
16 silly packumentCache heap:2197815296 maxSize:549453824 maxEntrySize:274726912
17 verbose stack Error: EPERM: operation not permitted, lstat 'C:\Users\pranav'
17 verbose stack     at async lstat (node:internal/fs/promises:1022:18)
17 verbose stack     at async #loadActual (C:\Program Files\nodejs\node_modules\npm\node_modules\@npmcli\arborist\lib\arborist\load-actual.js:129:15)
17 verbose stack     at async exec (C:\Program Files\nodejs\node_modules\npm\node_modules\libnpmexec\lib\index.js:247:21)
17 verbose stack     at async Npm.exec (C:\Program Files\nodejs\node_modules\npm\lib\npm.js:207:9)
17 verbose stack     at async module.exports (C:\Program Files\nodejs\node_modules\npm\lib\cli\entry.js:74:5)
18 error code EPERM
19 error syscall lstat
20 error path C:\Users\pranav
21 error errno -4048
22 error Error: EPERM: operation not permitted, lstat 'C:\Users\pranav'
22 error     at async lstat (node:internal/fs/promises:1022:18)
22 error     at async #loadActual (C:\Program Files\nodejs\node_modules\npm\node_modules\@npmcli\arborist\lib\arborist\load-actual.js:129:15)
22 error     at async exec (C:\Program Files\nodejs\node_modules\npm\node_modules\libnpmexec\lib\index.js:247:21)
22 error     at async Npm.exec (C:\Program Files\nodejs\node_modules\npm\lib\npm.js:207:9)
22 error     at async module.exports (C:\Program Files\nodejs\node_modules\npm\lib\cli\entry.js:74:5) {
22 error   errno: -4048,
22 error   code: 'EPERM',
22 error   syscall: 'lstat',
22 error   path: 'C:\\Users\\pranav'
22 error }
23 error
23 error The operation was rejected by your operating system.
23 error It's possible that the file was already in use (by a text editor or antivirus),
23 error or that you lack permissions to access it.
23 error
23 error If you believe this might be a permissions issue, please double-check the
23 error permissions of the file and its containing directories, or try running
23 error the command again as root/Administrator.
24 verbose cwd C:\Users\pranav\Desktop\catr-latest\cart-r\apps\driver
25 verbose os Windows_NT 10.0.19045
26 verbose node v22.16.0
27 verbose npm  v10.9.2
28 verbose exit -4048
29 verbose code -4048
30 error A complete log of this run can be found in: C:\Users\pranav\Desktop\catr-latest\cart-r\.npm-cache\_logs\2026-03-09T01_17_11_664Z-debug-0.log
