./gradlew : WARNING: 
A restricted method 
in java.lang.System 
has been called
At line:1 char:1
+ ./gradlew 
assembleDebug 
--stacktrace 2>&1 | 
Out-File -Encoding 
utf8 b ...
+ ~~~~~~~~~~~~~~~~~~~~
~~~~~~~~~~~~~~~~~~~~~
    + CategoryInfo    
          : NotSpeci  
  fied: (WARNING: A   
  rest...has been     
called:String) []    
, RemoteException
    + FullyQualifiedE 
   rrorId : NativeCo  
  mmandError
 
WARNING: java.lang.Sys
tem::load has been 
called by net.rubygrap
efruit.platform.intern
al.NativeLibraryLoader
 in an unnamed module 
(file:/C:/Users/admin/
.gradle/wrapper/dists/
gradle-8.8-all/6gdy1pg
p427xkqcjbxw3ylt6h/gra
dle-8.8/lib/native-pla
tform-0.22-milestone-2
6.jar)
WARNING: Use --enable-
native-access=ALL-UNNA
MED to avoid a 
warning for callers 
in this module
WARNING: Restricted 
methods will be 
blocked in a future 
release unless native 
access is enabled


FAILURE: Build failed 
with an exception.

* Where:
Settings file 'E:\Free
lance\Pranav\Cart-R\Re
pository\cart-r\apps\d
river\android\settings
.gradle' line: 13

* What went wrong:
Error resolving 
plugin [id: 'com.faceb
ook.react.settings']
> 25

* Try:
> Run with --info or 
--debug option to get 
more log output.
> Run with --scan to 
get full insights.
> Get more help at htt
ps://help.gradle.org.

* Exception is:
org.gradle.api.GradleE
xception: Error 
resolving plugin [id: 
'com.facebook.react.se
ttings']
	at org.gradle.plugin.
use.internal.DefaultPl
uginRequestApplicator.
resolvePluginRequest(D
efaultPluginRequestApp
licator.java:188)
	at org.gradle.plugin.
use.internal.DefaultPl
uginRequestApplicator.
applyPlugins(DefaultPl
uginRequestApplicator.
java:97)
	at org.gradle.configu
ration.DefaultScriptPl
uginFactory$ScriptPlug
inImpl.apply(DefaultSc
riptPluginFactory.java
:120)
	at org.gradle.configu
ration.BuildOperationS
criptPlugin$1.run(Buil
dOperationScriptPlugin
.java:68)
	at org.gradle.interna
l.operations.DefaultBu
ildOperationRunner$1.e
xecute(DefaultBuildOpe
rationRunner.java:29)
	at org.gradle.interna
l.operations.DefaultBu
ildOperationRunner$1.e
xecute(DefaultBuildOpe
rationRunner.java:26)
	at org.gradle.interna
l.operations.DefaultBu
ildOperationRunner$2.e
xecute(DefaultBuildOpe
rationRunner.java:66)
	at org.gradle.interna
l.operations.DefaultBu
ildOperationRunner$2.e
xecute(DefaultBuildOpe
rationRunner.java:59)
	at org.gradle.interna
l.operations.DefaultBu
ildOperationRunner.exe
cute(DefaultBuildOpera
tionRunner.java:166)
	at org.gradle.interna
l.operations.DefaultBu
ildOperationRunner.exe
cute(DefaultBuildOpera
tionRunner.java:59)
	at org.gradle.interna
l.operations.DefaultBu
ildOperationRunner.run
(DefaultBuildOperation
Runner.java:47)
	at org.gradle.configu
ration.BuildOperationS
criptPlugin.lambda$app
ly$0(BuildOperationScr
iptPlugin.java:65)
	at org.gradle.interna
l.code.DefaultUserCode
ApplicationContext.app
ly(DefaultUserCodeAppl
icationContext.java:43
)
	at org.gradle.configu
ration.BuildOperationS
criptPlugin.apply(Buil
dOperationScriptPlugin
.java:65)
	at org.gradle.initial
ization.ScriptEvaluati
ngSettingsProcessor.ap
plySettingsScript(Scri
ptEvaluatingSettingsPr
ocessor.java:75)
	at org.gradle.initial
ization.ScriptEvaluati
ngSettingsProcessor.pr
ocess(ScriptEvaluating
SettingsProcessor.java
:68)
	at org.gradle.initial
ization.SettingsEvalua
tedCallbackFiringSetti
ngsProcessor.process(S
ettingsEvaluatedCallba
ckFiringSettingsProces
sor.java:34)
	at org.gradle.initial
ization.RootBuildCache
ControllerSettingsProc
essor.process(RootBuil
dCacheControllerSettin
gsProcessor.java:47)
	at org.gradle.initial
ization.BuildOperation
SettingsProcessor$2.ca
ll(BuildOperationSetti
ngsProcessor.java:49)
	at org.gradle.initial
ization.BuildOperation
SettingsProcessor$2.ca
ll(BuildOperationSetti
ngsProcessor.java:46)
	at org.gradle.interna
l.operations.DefaultBu
ildOperationRunner$Cal
lableBuildOperationWor
ker.execute(DefaultBui
ldOperationRunner.java
:209)
	at org.gradle.interna
l.operations.DefaultBu
ildOperationRunner$Cal
lableBuildOperationWor
ker.execute(DefaultBui
ldOperationRunner.java
:204)
	at org.gradle.interna
l.operations.DefaultBu
ildOperationRunner$2.e
xecute(DefaultBuildOpe
rationRunner.java:66)
	at org.gradle.interna
l.operations.DefaultBu
ildOperationRunner$2.e
xecute(DefaultBuildOpe
rationRunner.java:59)
	at org.gradle.interna
l.operations.DefaultBu
ildOperationRunner.exe
cute(DefaultBuildOpera
tionRunner.java:166)
	at org.gradle.interna
l.operations.DefaultBu
ildOperationRunner.exe
cute(DefaultBuildOpera
tionRunner.java:59)
	at org.gradle.interna
l.operations.DefaultBu
ildOperationRunner.cal
l(DefaultBuildOperatio
nRunner.java:53)
	at org.gradle.initial
ization.BuildOperation
SettingsProcessor.proc
ess(BuildOperationSett
ingsProcessor.java:46)
	at org.gradle.initial
ization.DefaultSetting
sLoader.findSettingsAn
dLoadIfAppropriate(Def
aultSettingsLoader.jav
a:143)
	at org.gradle.initial
ization.DefaultSetting
sLoader.findAndLoadSet
tings(DefaultSettingsL
oader.java:63)
	at org.gradle.initial
ization.SettingsAttach
ingSettingsLoader.find
AndLoadSettings(Settin
gsAttachingSettingsLoa
der.java:33)
	at org.gradle.interna
l.composite.CommandLin
eIncludedBuildSettings
Loader.findAndLoadSett
ings(CommandLineInclud
edBuildSettingsLoader.
java:35)
	at org.gradle.interna
l.composite.ChildBuild
RegisteringSettingsLoa
der.findAndLoadSetting
s(ChildBuildRegisterin
gSettingsLoader.java:4
4)
	at org.gradle.interna
l.composite.CompositeB
uildSettingsLoader.fin
dAndLoadSettings(Compo
siteBuildSettingsLoade
r.java:35)
	at org.gradle.initial
ization.InitScriptHand
lingSettingsLoader.fin
dAndLoadSettings(InitS
criptHandlingSettingsL
oader.java:33)
	at org.gradle.api.int
ernal.initialization.C
acheConfigurationsHand
lingSettingsLoader.fin
dAndLoadSettings(Cache
ConfigurationsHandling
SettingsLoader.java:36
)
	at org.gradle.initial
ization.GradleProperti
esHandlingSettingsLoad
er.findAndLoadSettings
(GradlePropertiesHandl
ingSettingsLoader.java
:38)
	at org.gradle.initial
ization.DefaultSetting
sPreparer.prepareSetti
ngs(DefaultSettingsPre
parer.java:31)
	at org.gradle.initial
ization.BuildOperation
FiringSettingsPreparer
$LoadBuild.doLoadBuild
(BuildOperationFiringS
ettingsPreparer.java:7
1)
	at org.gradle.initial
ization.BuildOperation
FiringSettingsPreparer
$LoadBuild.run(BuildOp
erationFiringSettingsP
reparer.java:66)
	at org.gradle.interna
l.operations.DefaultBu
ildOperationRunner$1.e
xecute(DefaultBuildOpe
rationRunner.java:29)
	at org.gradle.interna
l.operations.DefaultBu
ildOperationRunner$1.e
xecute(DefaultBuildOpe
rationRunner.java:26)
	at org.gradle.interna
l.operations.DefaultBu
ildOperationRunner$2.e
xecute(DefaultBuildOpe
rationRunner.java:66)
	at org.gradle.interna
l.operations.DefaultBu
ildOperationRunner$2.e
xecute(DefaultBuildOpe
rationRunner.java:59)
	at org.gradle.interna
l.operations.DefaultBu
ildOperationRunner.exe
cute(DefaultBuildOpera
tionRunner.java:166)
	at org.gradle.interna
l.operations.DefaultBu
ildOperationRunner.exe
cute(DefaultBuildOpera
tionRunner.java:59)
	at org.gradle.interna
l.operations.DefaultBu
ildOperationRunner.run
(DefaultBuildOperation
Runner.java:47)
	at org.gradle.initial
ization.BuildOperation
FiringSettingsPreparer
.prepareSettings(Build
OperationFiringSetting
sPreparer.java:54)
	at org.gradle.initial
ization.VintageBuildMo
delController.lambda$p
repareSettings$1(Vinta
geBuildModelController
.java:80)
	at org.gradle.interna
l.model.StateTransitio
nController.lambda$doT
ransition$14(StateTran
sitionController.java:
255)
	at org.gradle.interna
l.model.StateTransitio
nController.doTransiti
on(StateTransitionCont
roller.java:266)
	at org.gradle.interna
l.model.StateTransitio
nController.doTransiti
on(StateTransitionCont
roller.java:254)
	at org.gradle.interna
l.model.StateTransitio
nController.lambda$tra
nsitionIfNotPreviously
$11(StateTransitionCon
troller.java:213)
	at org.gradle.interna
l.work.DefaultSynchron
izer.withLock(DefaultS
ynchronizer.java:34)
	at org.gradle.interna
l.model.StateTransitio
nController.transition
IfNotPreviously(StateT
ransitionController.ja
va:209)
	at org.gradle.initial
ization.VintageBuildMo
delController.prepareS
ettings(VintageBuildMo
delController.java:80)
	at org.gradle.initial
ization.VintageBuildMo
delController.prepareT
oScheduleTasks(Vintage
BuildModelController.j
ava:70)
	at org.gradle.interna
l.build.DefaultBuildLi
fecycleController.lamb
da$prepareToScheduleTa
sks$6(DefaultBuildLife
cycleController.java:1
75)
	at org.gradle.interna
l.model.StateTransitio
nController.lambda$doT
ransition$14(StateTran
sitionController.java:
255)
	at org.gradle.interna
l.model.StateTransitio
nController.doTransiti
on(StateTransitionCont
roller.java:266)
	at org.gradle.interna
l.model.StateTransitio
nController.doTransiti
on(StateTransitionCont
roller.java:254)
	at org.gradle.interna
l.model.StateTransitio
nController.lambda$may
beTransition$9(StateTr
ansitionController.jav
a:190)
	at org.gradle.interna
l.work.DefaultSynchron
izer.withLock(DefaultS
ynchronizer.java:34)
	at org.gradle.interna
l.model.StateTransitio
nController.maybeTrans
ition(StateTransitionC
ontroller.java:186)
	at org.gradle.interna
l.build.DefaultBuildLi
fecycleController.prep
areToScheduleTasks(Def
aultBuildLifecycleCont
roller.java:173)
	at org.gradle.interna
l.buildtree.DefaultBui
ldTreeWorkPreparer.sch
eduleRequestedTasks(De
faultBuildTreeWorkPrep
arer.java:36)
	at org.gradle.configu
rationcache.VintageBui
ldTreeWorkController$s
cheduleAndRunRequested
Tasks$1.apply(VintageB
uildTreeWorkController
.kt:36)
	at org.gradle.configu
rationcache.VintageBui
ldTreeWorkController$s
cheduleAndRunRequested
Tasks$1.apply(VintageB
uildTreeWorkController
.kt:35)
	at org.gradle.composi
te.internal.DefaultInc
ludedBuildTaskGraph.wi
thNewWorkGraph(Default
IncludedBuildTaskGraph
.java:112)
	at org.gradle.configu
rationcache.VintageBui
ldTreeWorkController.s
cheduleAndRunRequested
Tasks(VintageBuildTree
WorkController.kt:35)
	at org.gradle.interna
l.buildtree.DefaultBui
ldTreeLifecycleControl
ler.lambda$scheduleAnd
RunTasks$1(DefaultBuil
dTreeLifecycleControll
er.java:77)
	at org.gradle.interna
l.buildtree.DefaultBui
ldTreeLifecycleControl
ler.lambda$runBuild$4(
DefaultBuildTreeLifecy
cleController.java:120
)
	at org.gradle.interna
l.model.StateTransitio
nController.lambda$tra
nsition$6(StateTransit
ionController.java:169
)
	at org.gradle.interna
l.model.StateTransitio
nController.doTransiti
on(StateTransitionCont
roller.java:266)
	at org.gradle.interna
l.model.StateTransitio
nController.lambda$tra
nsition$7(StateTransit
ionController.java:169
)
	at org.gradle.interna
l.work.DefaultSynchron
izer.withLock(DefaultS
ynchronizer.java:44)
	at org.gradle.interna
l.model.StateTransitio
nController.transition
(StateTransitionContro
ller.java:169)
	at org.gradle.interna
l.buildtree.DefaultBui
ldTreeLifecycleControl
ler.runBuild(DefaultBu
ildTreeLifecycleContro
ller.java:117)
	at org.gradle.interna
l.buildtree.DefaultBui
ldTreeLifecycleControl
ler.scheduleAndRunTask
s(DefaultBuildTreeLife
cycleController.java:7
7)
	at org.gradle.interna
l.buildtree.DefaultBui
ldTreeLifecycleControl
ler.scheduleAndRunTask
s(DefaultBuildTreeLife
cycleController.java:7
2)
	at org.gradle.tooling
.internal.provider.Exe
cuteBuildActionRunner.
run(ExecuteBuildAction
Runner.java:31)
	at org.gradle.launche
r.exec.ChainingBuildAc
tionRunner.run(Chainin
gBuildActionRunner.jav
a:35)
	at org.gradle.interna
l.buildtree.ProblemRep
ortingBuildActionRunne
r.run(ProblemReporting
BuildActionRunner.java
:49)
	at org.gradle.launche
r.exec.BuildOutcomeRep
ortingBuildActionRunne
r.run(BuildOutcomeRepo
rtingBuildActionRunner
.java:65)
	at org.gradle.tooling
.internal.provider.Fil
eSystemWatchingBuildAc
tionRunner.run(FileSys
temWatchingBuildAction
Runner.java:140)
	at org.gradle.launche
r.exec.BuildCompletion
NotifyingBuildActionRu
nner.run(BuildCompleti
onNotifyingBuildAction
Runner.java:41)
	at org.gradle.launche
r.exec.RootBuildLifecy
cleBuildActionExecutor
.lambda$execute$0(Root
BuildLifecycleBuildAct
ionExecutor.java:40)
	at org.gradle.composi
te.internal.DefaultRoo
tBuildState.run(Defaul
tRootBuildState.java:1
23)
	at org.gradle.launche
r.exec.RootBuildLifecy
cleBuildActionExecutor
.execute(RootBuildLife
cycleBuildActionExecut
or.java:40)
	at org.gradle.interna
l.buildtree.InitDeprec
ationLoggingActionExec
utor.execute(InitDepre
cationLoggingActionExe
cutor.java:66)
	at org.gradle.interna
l.buildtree.InitProble
ms.execute(InitProblem
s.java:36)
	at org.gradle.interna
l.buildtree.DefaultBui
ldTreeContext.execute(
DefaultBuildTreeContex
t.java:40)
	at org.gradle.launche
r.exec.BuildTreeLifecy
cleBuildActionExecutor
.lambda$execute$0(Buil
dTreeLifecycleBuildAct
ionExecutor.java:71)
	at org.gradle.interna
l.buildtree.BuildTreeS
tate.run(BuildTreeStat
e.java:60)
	at org.gradle.launche
r.exec.BuildTreeLifecy
cleBuildActionExecutor
.execute(BuildTreeLife
cycleBuildActionExecut
or.java:71)
	at org.gradle.launche
r.exec.RunAsBuildOpera
tionBuildActionExecuto
r$3.call(RunAsBuildOpe
rationBuildActionExecu
tor.java:61)
	at org.gradle.launche
r.exec.RunAsBuildOpera
tionBuildActionExecuto
r$3.call(RunAsBuildOpe
rationBuildActionExecu
tor.java:57)
	at org.gradle.interna
l.operations.DefaultBu
ildOperationRunner$Cal
lableBuildOperationWor
ker.execute(DefaultBui
ldOperationRunner.java
:209)
	at org.gradle.interna
l.operations.DefaultBu
ildOperationRunner$Cal
lableBuildOperationWor
ker.execute(DefaultBui
ldOperationRunner.java
:204)
	at org.gradle.interna
l.operations.DefaultBu
ildOperationRunner$2.e
xecute(DefaultBuildOpe
rationRunner.java:66)
	at org.gradle.interna
l.operations.DefaultBu
ildOperationRunner$2.e
xecute(DefaultBuildOpe
rationRunner.java:59)
	at org.gradle.interna
l.operations.DefaultBu
ildOperationRunner.exe
cute(DefaultBuildOpera
tionRunner.java:166)
	at org.gradle.interna
l.operations.DefaultBu
ildOperationRunner.exe
cute(DefaultBuildOpera
tionRunner.java:59)
	at org.gradle.interna
l.operations.DefaultBu
ildOperationRunner.cal
l(DefaultBuildOperatio
nRunner.java:53)
	at org.gradle.launche
r.exec.RunAsBuildOpera
tionBuildActionExecuto
r.execute(RunAsBuildOp
erationBuildActionExec
utor.java:57)
	at org.gradle.launche
r.exec.RunAsWorkerThre
adBuildActionExecutor.
lambda$execute$0(RunAs
WorkerThreadBuildActio
nExecutor.java:36)
	at org.gradle.interna
l.work.DefaultWorkerLe
aseService.withLocks(D
efaultWorkerLeaseServi
ce.java:264)
	at org.gradle.interna
l.work.DefaultWorkerLe
aseService.runAsWorker
Thread(DefaultWorkerLe
aseService.java:128)
	at org.gradle.launche
r.exec.RunAsWorkerThre
adBuildActionExecutor.
execute(RunAsWorkerThr
eadBuildActionExecutor
.java:36)
	at org.gradle.tooling
.internal.provider.con
tinuous.ContinuousBuil
dActionExecutor.execut
e(ContinuousBuildActio
nExecutor.java:110)
	at org.gradle.tooling
.internal.provider.Sub
scribableBuildActionEx
ecutor.execute(Subscri
bableBuildActionExecut
or.java:64)
	at org.gradle.interna
l.session.DefaultBuild
SessionContext.execute
(DefaultBuildSessionCo
ntext.java:46)
	at org.gradle.tooling
.internal.provider.Bui
ldSessionLifecycleBuil
dActionExecuter$Action
Impl.apply(BuildSessio
nLifecycleBuildActionE
xecuter.java:92)
	at org.gradle.tooling
.internal.provider.Bui
ldSessionLifecycleBuil
dActionExecuter$Action
Impl.apply(BuildSessio
nLifecycleBuildActionE
xecuter.java:80)
	at org.gradle.interna
l.session.BuildSession
State.run(BuildSession
State.java:71)
	at org.gradle.tooling
.internal.provider.Bui
ldSessionLifecycleBuil
dActionExecuter.execut
e(BuildSessionLifecycl
eBuildActionExecuter.j
ava:62)
	at org.gradle.tooling
.internal.provider.Bui
ldSessionLifecycleBuil
dActionExecuter.execut
e(BuildSessionLifecycl
eBuildActionExecuter.j
ava:41)
	at org.gradle.tooling
.internal.provider.Sta
rtParamsValidatingActi
onExecuter.execute(Sta
rtParamsValidatingActi
onExecuter.java:64)
	at org.gradle.tooling
.internal.provider.Sta
rtParamsValidatingActi
onExecuter.execute(Sta
rtParamsValidatingActi
onExecuter.java:32)
	at org.gradle.tooling
.internal.provider.Ses
sionFailureReportingAc
tionExecuter.execute(S
essionFailureReporting
ActionExecuter.java:51
)
	at org.gradle.tooling
.internal.provider.Ses
sionFailureReportingAc
tionExecuter.execute(S
essionFailureReporting
ActionExecuter.java:39
)
	at org.gradle.tooling
.internal.provider.Set
upLoggingActionExecute
r.execute(SetupLogging
ActionExecuter.java:47
)
	at org.gradle.tooling
.internal.provider.Set
upLoggingActionExecute
r.execute(SetupLogging
ActionExecuter.java:31
)
	at org.gradle.launche
r.daemon.server.exec.E
xecuteBuild.doBuild(Ex
ecuteBuild.java:65)
	at org.gradle.launche
r.daemon.server.exec.B
uildCommandOnly.execut
e(BuildCommandOnly.jav
a:37)
	at org.gradle.launche
r.daemon.server.api.Da
emonCommandExecution.p
roceed(DaemonCommandEx
ecution.java:104)
	at org.gradle.launche
r.daemon.server.exec.W
atchForDisconnection.e
xecute(WatchForDisconn
ection.java:39)
	at org.gradle.launche
r.daemon.server.api.Da
emonCommandExecution.p
roceed(DaemonCommandEx
ecution.java:104)
	at org.gradle.launche
r.daemon.server.exec.R
esetDeprecationLogger.
execute(ResetDeprecati
onLogger.java:29)
	at org.gradle.launche
r.daemon.server.api.Da
emonCommandExecution.p
roceed(DaemonCommandEx
ecution.java:104)
	at org.gradle.launche
r.daemon.server.exec.R
equestStopIfSingleUsed
Daemon.execute(Request
StopIfSingleUsedDaemon
.java:35)
	at org.gradle.launche
r.daemon.server.api.Da
emonCommandExecution.p
roceed(DaemonCommandEx
ecution.java:104)
	at org.gradle.launche
r.daemon.server.exec.F
orwardClientInput.lamb
da$execute$0(ForwardCl
ientInput.java:39)
	at org.gradle.launche
r.daemon.server.client
input.ClientInputForwa
rder.forwardInput(Clie
ntInputForwarder.java:
88)
	at org.gradle.launche
r.daemon.server.exec.F
orwardClientInput.exec
ute(ForwardClientInput
.java:36)
	at org.gradle.launche
r.daemon.server.api.Da
emonCommandExecution.p
roceed(DaemonCommandEx
ecution.java:104)
	at org.gradle.launche
r.daemon.server.exec.L
ogAndCheckHealth.execu
te(LogAndCheckHealth.j
ava:64)
	at org.gradle.launche
r.daemon.server.api.Da
emonCommandExecution.p
roceed(DaemonCommandEx
ecution.java:104)
	at org.gradle.launche
r.daemon.server.exec.L
ogToClient.doBuild(Log
ToClient.java:63)
	at org.gradle.launche
r.daemon.server.exec.B
uildCommandOnly.execut
e(BuildCommandOnly.jav
a:37)
	at org.gradle.launche
r.daemon.server.api.Da
emonCommandExecution.p
roceed(DaemonCommandEx
ecution.java:104)
	at org.gradle.launche
r.daemon.server.exec.E
stablishBuildEnvironme
nt.doBuild(EstablishBu
ildEnvironment.java:84
)
	at org.gradle.launche
r.daemon.server.exec.B
uildCommandOnly.execut
e(BuildCommandOnly.jav
a:37)
	at org.gradle.launche
r.daemon.server.api.Da
emonCommandExecution.p
roceed(DaemonCommandEx
ecution.java:104)
	at org.gradle.launche
r.daemon.server.exec.S
tartBuildOrRespondWith
Busy$1.run(StartBuildO
rRespondWithBusy.java:
52)
	at org.gradle.launche
r.daemon.server.Daemon
StateCoordinator$1.run
(DaemonStateCoordinato
r.java:297)
	at org.gradle.interna
l.concurrent.ExecutorP
olicy$CatchAndRecordFa
ilures.onExecute(Execu
torPolicy.java:64)
	at org.gradle.interna
l.concurrent.AbstractM
anagedExecutor$1.run(A
bstractManagedExecutor
.java:47)
Caused by: java.lang.I
llegalArgumentExceptio
n: 25
	at org.jetbrains.kotl
in.com.intellij.util.l
ang.JavaVersion.parse(
JavaVersion.java:305)
	at org.jetbrains.kotl
in.com.intellij.util.l
ang.JavaVersion.curren
t(JavaVersion.java:174
)
	at org.jetbrains.kotl
in.cli.jvm.modules.Jav
aVersionUtilsKt.isAtLe
astJava9(javaVersionUt
ils.kt:11)
	at org.jetbrains.kotl
in.cli.jvm.modules.Cor
eJrtFileSystem$Compani
on$globalJrtFsCache$1.
invoke(CoreJrtFileSyst
em.kt:83)
	at org.jetbrains.kotl
in.cli.jvm.modules.Cor
eJrtFileSystem$Compani
on$globalJrtFsCache$1.
invoke(CoreJrtFileSyst
em.kt:74)
	at org.jetbrains.kotl
in.cli.jvm.modules.Cor
eJrtFileSystem.globalJ
rtFsCache$lambda$1(Cor
eJrtFileSystem.kt:74)
	at org.jetbrains.kotl
in.com.intellij.util.c
ontainers.ConcurrentFa
ctoryMap$2.create(Conc
urrentFactoryMap.java:
174)
	at org.jetbrains.kotl
in.com.intellij.util.c
ontainers.ConcurrentFa
ctoryMap.get(Concurren
tFactoryMap.java:40)
	at org.jetbrains.kotl
in.cli.jvm.modules.Cor
eJrtFileSystem$roots$1
.invoke(CoreJrtFileSys
tem.kt:34)
	at org.jetbrains.kotl
in.cli.jvm.modules.Cor
eJrtFileSystem$roots$1
.invoke(CoreJrtFileSys
tem.kt:33)
	at org.jetbrains.kotl
in.cli.jvm.modules.Cor
eJrtFileSystem.roots$l
ambda$0(CoreJrtFileSys
tem.kt:33)
	at org.jetbrains.kotl
in.com.intellij.util.c
ontainers.ConcurrentFa
ctoryMap$2.create(Conc
urrentFactoryMap.java:
174)
	at org.jetbrains.kotl
in.com.intellij.util.c
ontainers.ConcurrentFa
ctoryMap.get(Concurren
tFactoryMap.java:40)
	at org.jetbrains.kotl
in.cli.jvm.modules.Cor
eJrtFileSystem.findFil
eByPath(CoreJrtFileSys
tem.kt:42)
	at org.jetbrains.kotl
in.cli.jvm.modules.Cli
JavaModuleFinder.<init
>(CliJavaModuleFinder.
kt:44)
	at org.jetbrains.kotl
in.cli.jvm.compiler.Ko
tlinCoreEnvironment.<i
nit>(KotlinCoreEnviron
ment.kt:210)
	at org.jetbrains.kotl
in.cli.jvm.compiler.Ko
tlinCoreEnvironment.<i
nit>(KotlinCoreEnviron
ment.kt)
	at org.jetbrains.kotl
in.cli.jvm.compiler.Ko
tlinCoreEnvironment$Co
mpanion.createForProdu
ction(KotlinCoreEnviro
nment.kt:446)
	at org.gradle.kotlin.
dsl.support.KotlinComp
ilerKt$kotlinCoreEnvir
onmentFor$1.create(Kot
linCompiler.kt:429)
	at org.gradle.kotlin.
dsl.support.KotlinComp
ilerKt$kotlinCoreEnvir
onmentFor$1.create(Kot
linCompiler.kt:425)
	at org.gradle.interna
l.SystemProperties.wit
hSystemProperty(System
Properties.java:122)
	at org.gradle.kotlin.
dsl.support.KotlinComp
ilerKt.kotlinCoreEnvir
onmentFor(KotlinCompil
er.kt:425)
	at org.gradle.kotlin.
dsl.support.KotlinComp
ilerKt.compileKotlinSc
riptModuleTo(KotlinCom
piler.kt:184)
	at org.gradle.kotlin.
dsl.support.KotlinComp
ilerKt.compileKotlinSc
riptToDirectory(Kotlin
Compiler.kt:148)
	at org.gradle.kotlin.
dsl.execution.Residual
ProgramCompiler$compil
eScript$1.invoke(Resid
ualProgramCompiler.kt:
712)
	at org.gradle.kotlin.
dsl.execution.Residual
ProgramCompiler$compil
eScript$1.invoke(Resid
ualProgramCompiler.kt:
711)
	at org.gradle.kotlin.
dsl.provider.StandardK
otlinScriptEvaluator$I
nterpreterHost$runComp
ileBuildOperation$1.ca
ll(KotlinScriptEvaluat
or.kt:179)
	at org.gradle.kotlin.
dsl.provider.StandardK
otlinScriptEvaluator$I
nterpreterHost$runComp
ileBuildOperation$1.ca
ll(KotlinScriptEvaluat
or.kt:176)
	at org.gradle.interna
l.operations.DefaultBu
ildOperationRunner$Cal
lableBuildOperationWor
ker.execute(DefaultBui
ldOperationRunner.java
:209)
	at org.gradle.interna
l.operations.DefaultBu
ildOperationRunner$Cal
lableBuildOperationWor
ker.execute(DefaultBui
ldOperationRunner.java
:204)
	at org.gradle.interna
l.operations.DefaultBu
ildOperationRunner$2.e
xecute(DefaultBuildOpe
rationRunner.java:66)
	at org.gradle.interna
l.operations.DefaultBu
ildOperationRunner$2.e
xecute(DefaultBuildOpe
rationRunner.java:59)
	at org.gradle.interna
l.operations.DefaultBu
ildOperationRunner.exe
cute(DefaultBuildOpera
tionRunner.java:166)
	at org.gradle.interna
l.operations.DefaultBu
ildOperationRunner.exe
cute(DefaultBuildOpera
tionRunner.java:59)
	at org.gradle.interna
l.operations.DefaultBu
ildOperationRunner.cal
l(DefaultBuildOperatio
nRunner.java:53)
	at org.gradle.kotlin.
dsl.provider.StandardK
otlinScriptEvaluator$I
nterpreterHost.runComp
ileBuildOperation(Kotl
inScriptEvaluator.kt:1
76)
	at org.gradle.kotlin.
dsl.execution.Interpre
ter$compile$1$1$1$1.in
voke(Interpreter.kt:33
2)
	at org.gradle.kotlin.
dsl.execution.Interpre
ter$compile$1$1$1$1.in
voke(Interpreter.kt:33
2)
	at org.gradle.kotlin.
dsl.execution.Residual
ProgramCompiler.compil
eScript-C5AE47M(Residu
alProgramCompiler.kt:7
11)
	at org.gradle.kotlin.
dsl.execution.Residual
ProgramCompiler.compil
eStage1-EfyMToc(Residu
alProgramCompiler.kt:6
94)
	at org.gradle.kotlin.
dsl.execution.Residual
ProgramCompiler.emitSt
age1Sequence(ResidualP
rogramCompiler.kt:246)
	at org.gradle.kotlin.
dsl.execution.Residual
ProgramCompiler.emitSt
age1Sequence(ResidualP
rogramCompiler.kt:237)
	at org.gradle.kotlin.
dsl.execution.Residual
ProgramCompiler.emit(R
esidualProgramCompiler
.kt:198)
	at org.gradle.kotlin.
dsl.execution.Residual
ProgramCompiler.emit(R
esidualProgramCompiler
.kt:181)
	at org.gradle.kotlin.
dsl.execution.Residual
ProgramCompiler.access
$emit(ResidualProgramC
ompiler.kt:83)
	at org.gradle.kotlin.
dsl.execution.Residual
ProgramCompiler$emitDy
namicProgram$1$1.invok
e(ResidualProgramCompi
ler.kt:122)
	at org.gradle.kotlin.
dsl.execution.Residual
ProgramCompiler$emitDy
namicProgram$1$1.invok
e(ResidualProgramCompi
ler.kt:120)
	at org.gradle.kotlin.
dsl.execution.Residual
ProgramCompiler$overri
deExecute$1.invoke(Res
idualProgramCompiler.k
t:547)
	at org.gradle.kotlin.
dsl.execution.Residual
ProgramCompiler$overri
deExecute$1.invoke(Res
idualProgramCompiler.k
t:546)
	at org.gradle.kotlin.
dsl.support.bytecode.A
smExtensionsKt.method(
AsmExtensions.kt:131)
	at org.gradle.kotlin.
dsl.support.bytecode.A
smExtensionsKt.publicM
ethod(AsmExtensions.kt
:114)
	at org.gradle.kotlin.
dsl.support.bytecode.A
smExtensionsKt.publicM
ethod$default(AsmExten
sions.kt:106)
	at org.gradle.kotlin.
dsl.execution.Residual
ProgramCompiler.overri
deExecute(ResidualProg
ramCompiler.kt:546)
	at org.gradle.kotlin.
dsl.execution.Residual
ProgramCompiler.access
$overrideExecute(Resid
ualProgramCompiler.kt:
83)
	at org.gradle.kotlin.
dsl.execution.Residual
ProgramCompiler$emitDy
namicProgram$1.invoke(
ResidualProgramCompile
r.kt:120)
	at org.gradle.kotlin.
dsl.execution.Residual
ProgramCompiler$emitDy
namicProgram$1.invoke(
ResidualProgramCompile
r.kt:118)
	at org.gradle.kotlin.
dsl.execution.Residual
ProgramCompiler$progra
m$3.invoke(ResidualPro
gramCompiler.kt:672)
	at org.gradle.kotlin.
dsl.execution.Residual
ProgramCompiler$progra
m$3.invoke(ResidualPro
gramCompiler.kt:670)
	at org.gradle.kotlin.
dsl.support.bytecode.A
smExtensionsKt.publicC
lass-7y5yvvE(AsmExtens
ions.kt:39)
	at org.gradle.kotlin.
dsl.execution.Residual
ProgramCompiler.progra
m-5oOsWEo(ResidualProg
ramCompiler.kt:670)
	at org.gradle.kotlin.
dsl.execution.Residual
ProgramCompiler.access
$program-5oOsWEo(Resid
ualProgramCompiler.kt:
83)
	at org.gradle.kotlin.
dsl.execution.Residual
ProgramCompiler.emitDy
namicProgram(ResidualP
rogramCompiler.kt:797)
	at org.gradle.kotlin.
dsl.execution.Residual
ProgramCompiler.compil
e(ResidualProgramCompi
ler.kt:101)
	at org.gradle.kotlin.
dsl.execution.Interpre
ter$compile$1.invoke(I
nterpreter.kt:335)
	at org.gradle.kotlin.
dsl.execution.Interpre
ter$compile$1.invoke(I
nterpreter.kt:299)
	at org.gradle.kotlin.
dsl.provider.StandardK
otlinScriptEvaluator$K
otlinScriptCompilation
AndInstrumentation.com
pile(KotlinScriptEvalu
ator.kt:386)
	at org.gradle.interna
l.scripts.BuildScriptC
ompilationAndInstrumen
tation.execute(BuildSc
riptCompilationAndInst
rumentation.java:96)
	at org.gradle.interna
l.execution.steps.Exec
uteStep.executeInterna
l(ExecuteStep.java:105
)
	at org.gradle.interna
l.execution.steps.Exec
uteStep.access$000(Exe
cuteStep.java:44)
	at org.gradle.interna
l.execution.steps.Exec
uteStep$1.call(Execute
Step.java:59)
	at org.gradle.interna
l.execution.steps.Exec
uteStep$1.call(Execute
Step.java:56)
	at org.gradle.interna
l.operations.DefaultBu
ildOperationRunner$Cal
lableBuildOperationWor
ker.execute(DefaultBui
ldOperationRunner.java
:209)
	at org.gradle.interna
l.operations.DefaultBu
ildOperationRunner$Cal
lableBuildOperationWor
ker.execute(DefaultBui
ldOperationRunner.java
:204)
	at org.gradle.interna
l.operations.DefaultBu
ildOperationRunner$2.e
xecute(DefaultBuildOpe
rationRunner.java:66)
	at org.gradle.interna
l.operations.DefaultBu
ildOperationRunner$2.e
xecute(DefaultBuildOpe
rationRunner.java:59)
	at org.gradle.interna
l.operations.DefaultBu
ildOperationRunner.exe
cute(DefaultBuildOpera
tionRunner.java:166)
	at org.gradle.interna
l.operations.DefaultBu
ildOperationRunner.exe
cute(DefaultBuildOpera
tionRunner.java:59)
	at org.gradle.interna
l.operations.DefaultBu
ildOperationRunner.cal
l(DefaultBuildOperatio
nRunner.java:53)
	at org.gradle.interna
l.execution.steps.Exec
uteStep.execute(Execut
eStep.java:56)
	at org.gradle.interna
l.execution.steps.Exec
uteStep.execute(Execut
eStep.java:44)
	at org.gradle.interna
l.execution.steps.Time
outStep.executeWithout
Timeout(TimeoutStep.ja
va:74)
	at org.gradle.interna
l.execution.steps.Time
outStep.execute(Timeou
tStep.java:55)
	at org.gradle.interna
l.execution.steps.PreC
reateOutputParentsStep
.execute(PreCreateOutp
utParentsStep.java:50)
	at org.gradle.interna
l.execution.steps.PreC
reateOutputParentsStep
.execute(PreCreateOutp
utParentsStep.java:28)
	at org.gradle.interna
l.execution.steps.Broa
dcastChangingOutputsSt
ep.execute(BroadcastCh
angingOutputsStep.java
:61)
	at org.gradle.interna
l.execution.steps.Broa
dcastChangingOutputsSt
ep.execute(BroadcastCh
angingOutputsStep.java
:26)
	at org.gradle.interna
l.execution.steps.Capt
ureOutputsAfterExecuti
onStep.execute(Capture
OutputsAfterExecutionS
tep.java:67)
	at org.gradle.interna
l.execution.steps.Capt
ureOutputsAfterExecuti
onStep.execute(Capture
OutputsAfterExecutionS
tep.java:45)
	at org.gradle.interna
l.execution.steps.NoIn
putChangesStep.execute
(NoInputChangesStep.ja
va:30)
	at org.gradle.interna
l.execution.steps.NoIn
putChangesStep.execute
(NoInputChangesStep.ja
va:21)
	at org.gradle.interna
l.execution.steps.Neve
rUpToDateStep.execute(
NeverUpToDateStep.java
:34)
	at org.gradle.interna
l.execution.steps.Neve
rUpToDateStep.execute(
NeverUpToDateStep.java
:22)
	at org.gradle.interna
l.execution.steps.Reso
lveNonIncrementalCachi
ngStateStep.executeDel
egate(ResolveNonIncrem
entalCachingStateStep.
java:50)
	at org.gradle.interna
l.execution.steps.Abst
ractResolveCachingStat
eStep.execute(Abstract
ResolveCachingStateSte
p.java:71)
	at org.gradle.interna
l.execution.steps.Abst
ractResolveCachingStat
eStep.execute(Abstract
ResolveCachingStateSte
p.java:39)
	at org.gradle.interna
l.execution.steps.Vali
dateStep.execute(Valid
ateStep.java:106)
	at org.gradle.interna
l.execution.steps.Vali
dateStep.execute(Valid
ateStep.java:55)
	at org.gradle.interna
l.execution.steps.Abst
ractCaptureStateBefore
ExecutionStep.execute(
AbstractCaptureStateBe
foreExecutionStep.java
:64)
	at org.gradle.interna
l.execution.steps.Abst
ractCaptureStateBefore
ExecutionStep.execute(
AbstractCaptureStateBe
foreExecutionStep.java
:43)
	at org.gradle.interna
l.execution.steps.Assi
gnImmutableWorkspaceSt
ep.lambda$executeInTem
poraryWorkspace$3(Assi
gnImmutableWorkspaceSt
ep.java:209)
	at org.gradle.interna
l.execution.workspace.
impl.CacheBasedImmutab
leWorkspaceProvider$1.
withTemporaryWorkspace
(CacheBasedImmutableWo
rkspaceProvider.java:1
19)
	at org.gradle.interna
l.execution.steps.Assi
gnImmutableWorkspaceSt
ep.executeInTemporaryW
orkspace(AssignImmutab
leWorkspaceStep.java:1
99)
	at org.gradle.interna
l.execution.steps.Assi
gnImmutableWorkspaceSt
ep.lambda$execute$0(As
signImmutableWorkspace
Step.java:121)
	at org.gradle.interna
l.execution.steps.Assi
gnImmutableWorkspaceSt
ep.execute(AssignImmut
ableWorkspaceStep.java
:121)
	at org.gradle.interna
l.execution.steps.Assi
gnImmutableWorkspaceSt
ep.execute(AssignImmut
ableWorkspaceStep.java
:90)
	at org.gradle.interna
l.execution.steps.Iden
tityCacheStep.execute(
IdentityCacheStep.java
:46)
	at org.gradle.interna
l.execution.steps.Iden
tityCacheStep.execute(
IdentityCacheStep.java
:34)
	at org.gradle.interna
l.execution.steps.Iden
tifyStep.execute(Ident
ifyStep.java:48)
	at org.gradle.interna
l.execution.steps.Iden
tifyStep.execute(Ident
ifyStep.java:35)
	at org.gradle.interna
l.execution.impl.Defau
ltExecutionEngine$1.ex
ecute(DefaultExecution
Engine.java:61)
	at org.gradle.kotlin.
dsl.provider.StandardK
otlinScriptEvaluator$I
nterpreterHost.cachedD
irFor(KotlinScriptEval
uator.kt:270)
	at org.gradle.kotlin.
dsl.execution.Interpre
ter.compile(Interprete
r.kt:299)
	at org.gradle.kotlin.
dsl.execution.Interpre
ter.emitSpecializedPro
gramFor(Interpreter.kt
:266)
	at org.gradle.kotlin.
dsl.execution.Interpre
ter.eval(Interpreter.k
t:198)
	at org.gradle.kotlin.
dsl.provider.StandardK
otlinScriptEvaluator.e
valuate(KotlinScriptEv
aluator.kt:117)
	at org.gradle.kotlin.
dsl.provider.KotlinScr
iptPluginFactory$creat
e$1.invoke(KotlinScrip
tPluginFactory.kt:51)
	at org.gradle.kotlin.
dsl.provider.KotlinScr
iptPluginFactory$creat
e$1.invoke(KotlinScrip
tPluginFactory.kt:48)
	at org.gradle.kotlin.
dsl.provider.KotlinScr
iptPlugin.apply(Kotlin
ScriptPlugin.kt:35)
	at org.gradle.configu
ration.BuildOperationS
criptPlugin$1.run(Buil
dOperationScriptPlugin
.java:68)
	at org.gradle.interna
l.operations.DefaultBu
ildOperationRunner$1.e
xecute(DefaultBuildOpe
rationRunner.java:29)
	at org.gradle.interna
l.operations.DefaultBu
ildOperationRunner$1.e
xecute(DefaultBuildOpe
rationRunner.java:26)
	at org.gradle.interna
l.operations.DefaultBu
ildOperationRunner$2.e
xecute(DefaultBuildOpe
rationRunner.java:66)
	at org.gradle.interna
l.operations.DefaultBu
ildOperationRunner$2.e
xecute(DefaultBuildOpe
rationRunner.java:59)
	at org.gradle.interna
l.operations.DefaultBu
ildOperationRunner.exe
cute(DefaultBuildOpera
tionRunner.java:166)
	at org.gradle.interna
l.operations.DefaultBu
ildOperationRunner.exe
cute(DefaultBuildOpera
tionRunner.java:59)
	at org.gradle.interna
l.operations.DefaultBu
ildOperationRunner.run
(DefaultBuildOperation
Runner.java:47)
	at org.gradle.configu
ration.BuildOperationS
criptPlugin.lambda$app
ly$0(BuildOperationScr
iptPlugin.java:65)
	at org.gradle.interna
l.code.DefaultUserCode
ApplicationContext.app
ly(DefaultUserCodeAppl
icationContext.java:43
)
	at org.gradle.configu
ration.BuildOperationS
criptPlugin.apply(Buil
dOperationScriptPlugin
.java:65)
	at org.gradle.initial
ization.ScriptEvaluati
ngSettingsProcessor.ap
plySettingsScript(Scri
ptEvaluatingSettingsPr
ocessor.java:75)
	at org.gradle.initial
ization.ScriptEvaluati
ngSettingsProcessor.pr
ocess(ScriptEvaluating
SettingsProcessor.java
:68)
	at org.gradle.initial
ization.SettingsEvalua
tedCallbackFiringSetti
ngsProcessor.process(S
ettingsEvaluatedCallba
ckFiringSettingsProces
sor.java:34)
	at org.gradle.initial
ization.RootBuildCache
ControllerSettingsProc
essor.process(RootBuil
dCacheControllerSettin
gsProcessor.java:47)
	at org.gradle.initial
ization.BuildOperation
SettingsProcessor$2.ca
ll(BuildOperationSetti
ngsProcessor.java:49)
	at org.gradle.initial
ization.BuildOperation
SettingsProcessor$2.ca
ll(BuildOperationSetti
ngsProcessor.java:46)
	at org.gradle.interna
l.operations.DefaultBu
ildOperationRunner$Cal
lableBuildOperationWor
ker.execute(DefaultBui
ldOperationRunner.java
:209)
	at org.gradle.interna
l.operations.DefaultBu
ildOperationRunner$Cal
lableBuildOperationWor
ker.execute(DefaultBui
ldOperationRunner.java
:204)
	at org.gradle.interna
l.operations.DefaultBu
ildOperationRunner$2.e
xecute(DefaultBuildOpe
rationRunner.java:66)
	at org.gradle.interna
l.operations.DefaultBu
ildOperationRunner$2.e
xecute(DefaultBuildOpe
rationRunner.java:59)
	at org.gradle.interna
l.operations.DefaultBu
ildOperationRunner.exe
cute(DefaultBuildOpera
tionRunner.java:166)
	at org.gradle.interna
l.operations.DefaultBu
ildOperationRunner.exe
cute(DefaultBuildOpera
tionRunner.java:59)
	at org.gradle.interna
l.operations.DefaultBu
ildOperationRunner.cal
l(DefaultBuildOperatio
nRunner.java:53)
	at org.gradle.initial
ization.BuildOperation
SettingsProcessor.proc
ess(BuildOperationSett
ingsProcessor.java:46)
	at org.gradle.initial
ization.DefaultSetting
sLoader.findSettingsAn
dLoadIfAppropriate(Def
aultSettingsLoader.jav
a:143)
	at org.gradle.initial
ization.DefaultSetting
sLoader.findAndLoadSet
tings(DefaultSettingsL
oader.java:63)
	at org.gradle.initial
ization.SettingsAttach
ingSettingsLoader.find
AndLoadSettings(Settin
gsAttachingSettingsLoa
der.java:33)
	at org.gradle.interna
l.composite.ChildBuild
RegisteringSettingsLoa
der.findAndLoadSetting
s(ChildBuildRegisterin
gSettingsLoader.java:4
4)
	at org.gradle.initial
ization.InitScriptHand
lingSettingsLoader.fin
dAndLoadSettings(InitS
criptHandlingSettingsL
oader.java:33)
	at org.gradle.initial
ization.GradleProperti
esHandlingSettingsLoad
er.findAndLoadSettings
(GradlePropertiesHandl
ingSettingsLoader.java
:38)
	at org.gradle.initial
ization.DefaultSetting
sPreparer.prepareSetti
ngs(DefaultSettingsPre
parer.java:31)
	at org.gradle.initial
ization.BuildOperation
FiringSettingsPreparer
$LoadBuild.doLoadBuild
(BuildOperationFiringS
ettingsPreparer.java:7
1)
	at org.gradle.initial
ization.BuildOperation
FiringSettingsPreparer
$LoadBuild.run(BuildOp
erationFiringSettingsP
reparer.java:66)
	at org.gradle.interna
l.operations.DefaultBu
ildOperationRunner$1.e
xecute(DefaultBuildOpe
rationRunner.java:29)
	at org.gradle.interna
l.operations.DefaultBu
ildOperationRunner$1.e
xecute(DefaultBuildOpe
rationRunner.java:26)
	at org.gradle.interna
l.operations.DefaultBu
ildOperationRunner$2.e
xecute(DefaultBuildOpe
rationRunner.java:66)
	at org.gradle.interna
l.operations.DefaultBu
ildOperationRunner$2.e
xecute(DefaultBuildOpe
rationRunner.java:59)
	at org.gradle.interna
l.operations.DefaultBu
ildOperationRunner.exe
cute(DefaultBuildOpera
tionRunner.java:166)
	at org.gradle.interna
l.operations.DefaultBu
ildOperationRunner.exe
cute(DefaultBuildOpera
tionRunner.java:59)
	at org.gradle.interna
l.operations.DefaultBu
ildOperationRunner.run
(DefaultBuildOperation
Runner.java:47)
	at org.gradle.initial
ization.BuildOperation
FiringSettingsPreparer
.prepareSettings(Build
OperationFiringSetting
sPreparer.java:54)
	at org.gradle.initial
ization.VintageBuildMo
delController.lambda$p
repareSettings$1(Vinta
geBuildModelController
.java:80)
	at org.gradle.interna
l.model.StateTransitio
nController.lambda$doT
ransition$14(StateTran
sitionController.java:
255)
	at org.gradle.interna
l.model.StateTransitio
nController.doTransiti
on(StateTransitionCont
roller.java:266)
	at org.gradle.interna
l.model.StateTransitio
nController.doTransiti
on(StateTransitionCont
roller.java:254)
	at org.gradle.interna
l.model.StateTransitio
nController.lambda$tra
nsitionIfNotPreviously
$11(StateTransitionCon
troller.java:213)
	at org.gradle.interna
l.work.DefaultSynchron
izer.withLock(DefaultS
ynchronizer.java:34)
	at org.gradle.interna
l.model.StateTransitio
nController.transition
IfNotPreviously(StateT
ransitionController.ja
va:209)
	at org.gradle.initial
ization.VintageBuildMo
delController.prepareS
ettings(VintageBuildMo
delController.java:80)
	at org.gradle.initial
ization.VintageBuildMo
delController.getLoade
dSettings(VintageBuild
ModelController.java:5
7)
	at org.gradle.interna
l.model.StateTransitio
nController.lambda$not
InState$3(StateTransit
ionController.java:132
)
	at org.gradle.interna
l.work.DefaultSynchron
izer.withLock(DefaultS
ynchronizer.java:44)
	at org.gradle.interna
l.model.StateTransitio
nController.notInState
(StateTransitionContro
ller.java:128)
	at org.gradle.interna
l.build.DefaultBuildLi
fecycleController.load
Settings(DefaultBuildL
ifecycleController.jav
a:118)
	at org.gradle.interna
l.build.AbstractBuildS
tate.ensureProjectsLoa
ded(AbstractBuildState
.java:117)
	at org.gradle.interna
l.buildtree.BuildInclu
sionCoordinator.prepar
eForInclusion(BuildInc
lusionCoordinator.java
:52)
	at org.gradle.interna
l.composite.DefaultBui
ldIncluder.lambda$getR
egisteredPluginBuilds$
0(DefaultBuildIncluder
.java:77)
	at org.gradle.interna
l.composite.DefaultBui
ldIncluder.getRegister
edPluginBuilds(Default
BuildIncluder.java:79)
	at org.gradle.composi
te.internal.plugins.Co
mpositeBuildPluginReso
lverContributor$Compos
iteBuildPluginResolver
.resolveFromIncludedPl
uginBuilds(CompositeBu
ildPluginResolverContr
ibutor.java:111)
	at org.gradle.composi
te.internal.plugins.Co
mpositeBuildPluginReso
lverContributor$Compos
iteBuildPluginResolver
.doResolve(CompositeBu
ildPluginResolverContr
ibutor.java:89)
	at org.gradle.composi
te.internal.plugins.Co
mpositeBuildPluginReso
lverContributor$Compos
iteBuildPluginResolver
.resolve(CompositeBuil
dPluginResolverContrib
utor.java:78)
	at org.gradle.plugin.
use.resolve.internal.C
ompositePluginResolver
.resolve(CompositePlug
inResolver.java:36)
	at org.gradle.plugin.
use.resolve.internal.A
lreadyOnClasspathPlugi
nResolver.resolve(Alre
adyOnClasspathPluginRe
solver.java:65)
	at org.gradle.plugin.
use.internal.DefaultPl
uginRequestApplicator.
resolvePluginRequest(D
efaultPluginRequestApp
licator.java:185)
	... 147 more


BUILD FAILED in 4s
